# This file contains fixed global exclude patterns

*~
~$*
.~lock.*
~*.tmp

# Adobe lock files: InDesign/InCopy (.idlk) and Premiere Pro (.prlock)
# lock files. Unlike Office/LibreOffice lock files they do not encode the
# guarded document's extension, but excluding them by extension is safe as
# no legitimate user document uses it.
*.idlk
*.prlock

# AutoCAD lock files (.dwl / .dwl2) created when opening a .dwg drawing.
# Both share the document's base name and are deleted when it is closed.
*.dwl
*.dwl2

# Affinity by Canva lock files (~lock~ suffix) created when opening a document.
# e.g., Screenshot.afphoto~lock~ guards Screenshot.afphoto.
*~lock~

]*.~*
]Icon\r*
].DS_Store
].ds_store
*.textClipping
._*
]Thumbs.db
]photothumb.db
System Volume Information

.*.sw?
.*.*sw?

].TemporaryItems
].Trashes
].DocumentRevisions-V100
].Trash-*
.fseventd
.apdisk
.Spotlight-V100

.directory

*.part
*.filepart
*.crdownload

*.kate-swp
*.gnucash.tmp-*

.synkron.*
.sync.ffs_db
.symform
.symform-store
.fuse_hidden*
*.unison
.nfs*

# (default) metadata files created by Syncthing
.stfolder
.stignore
.stversions

My Saved Places.


*.sb-*
